anaconda-29.19.1.13-1.el8.src.rpm
cloud-init-18.5-1.el8.4.src.rpm
dhcp-4.3.6-30.el8.src.rpm
dnsmasq-2.79-4.el8.src.rpm
docker-ce-cli-19.03.13-3.el8.src.rpm
facter-2.4.4-4.el7.src.rpm
grub2-2.02-66.el8_0.1.src.rpm
grubby-8.40-34.el8.src.rpm
haproxy-1.8.15-5.el8.src.rpm
initscripts-10.00.1-1.el8_0.1.src.rpm
# libevent-2.0.21-4.el7.src.rpm
lighttpd-1.4.55-3.el8.src.rpm
# logrotate-3.8.6-17.el7.src.rpm
net-snmp-5.8-7.el8_0.2.src.rpm
net-tools-2.0-0.51.20160912git.el8.src.rpm
openldap-2.4.46-11.el8_1.src.rpm
openssh-8.0p1-4.el8_1.src.rpm
parted-3.2-38.el8.src.rpm
puppet-4.8.2-1.el7.src.rpm
puppet-ceph-2.4.1-1.el7.src.rpm
puppet-haproxy-1.5.0-4.6ffcb07git.el7.src.rpm
puppet-horizon-11.5.0-1.el7.src.rpm
puppet-keystone-11.3.0-1.el7.src.rpm
puppet-openstacklib-11.5.0-1.el7.src.rpm
puppet-oslo-11.3.0-1.el7.src.rpm
puppet-rabbitmq-5.6.0-4.5ac45degit.el7.src.rpm
puppet-staging-1.0.4-1.b466d93git.el7.src.rpm
puppet-stdlib-4.18.0-2.el7.src.rpm
python-docker-4.0.2-2.el8.src.rpm
python-keyring-21.0.0-1.el8.src.rpm
# python-psycopg2-2.5.1-3.el7.src.rpm
# python-voluptuous-0.8.9-1.el7.src.rpm
resource-agents-4.1.1-33.el8.src.rpm
setup-2.12.2-2.el8.src.rpm
shim-15-8.el8.src.rpm
shim-unsigned-x64-15-2.el8.src.rpm
sudo-1.8.25p1-4.el8.src.rpm
systemd-239-18.el8_1.5.src.rpm
tboot-1.9.7-2.el8.src.rpm
tpm2-tools-3.1.1-4.el8.src.rpm
# watchdog-5.13-12.el7.src.rpm
